#
# There is insufficient memory for the Java Runtime Environment to continue.
# Native memory allocation (mmap) failed to map 268435456 bytes for G1 virtual space
# Possible reasons:
#   The system is out of physical RAM or swap space
#   The process is running with CompressedOops enabled, and the Java Heap may be blocking the growth of the native heap
# Possible solutions:
#   Reduce memory load on the system
#   Increase physical memory or swap space
#   Check if swap backing store is full
#   Decrease Java heap size (-Xmx/-Xms)
#   Decrease number of Java threads
#   Decrease Java thread stack sizes (-Xss)
#   Set larger code cache with -XX:ReservedCodeCacheSize=
#   JVM is running with Zero Based Compressed Oops mode in which the Java heap is
#     placed in the first 32GB address space. The Java Heap base address is the
#     maximum limit for the native heap growth. Please use -XX:HeapBaseMinAddress
#     to set the Java Heap base and to place the Java Heap above 32GB virtual address.
# This output file may be truncated or incomplete.
#
#  Out of Memory Error (os_windows.cpp:3548), pid=6400, tid=1708
#
# JRE version:  (17.0.12+8) (build )
# Java VM: Java HotSpot(TM) 64-Bit Server VM (17.0.12+8-LTS-286, mixed mode, emulated-client, sharing, tiered, compressed oops, compressed class ptrs, g1 gc, windows-amd64)
# No core dump will be written. Minidumps are not enabled by default on client versions of Windows
#

---------------  S U M M A R Y ------------

Command Line: -XX:TieredStopAtLevel=1 -Dspring.output.ansi.enabled=always -Dcom.sun.management.jmxremote -Dspring.jmx.enabled=true -Dspring.liveBeansView.mbeanDomain -Dspring.application.admin.enabled=true -Dmanagement.endpoints.jmx.exposure.include=* -javaagent:C:\Program Files\JetBrains\IntelliJ IDEA 2024.1.1\lib\idea_rt.jar=57542:C:\Program Files\JetBrains\IntelliJ IDEA 2024.1.1\bin -Dfile.encoding=UTF-8 com.ra.Module5Application

Host: Intel(R) Core(TM) i7-4770HQ CPU @ 2.20GHz, 8 cores, 15G,  Windows 10 , 64 bit Build 19041 (10.0.19041.1889)
Time: Thu Jan  8 23:20:59 2026 Tokyo Standard Time elapsed time: 0.015747 seconds (0d 0h 0m 0s)

---------------  T H R E A D  ---------------

Current thread (0x00000198ca7bd670):  JavaThread "Unknown thread" [_thread_in_vm, id=1708, stack(0x0000007484e00000,0x0000007484f00000)]

Stack: [0x0000007484e00000,0x0000007484f00000]
Native frames: (J=compiled Java code, j=interpreted, Vv=VM code, C=native code)
V  [jvm.dll+0x67a04a]
V  [jvm.dll+0x7da4ed]
V  [jvm.dll+0x7dbe33]
V  [jvm.dll+0x7dc4a3]
V  [jvm.dll+0x24508f]
V  [jvm.dll+0x677089]
V  [jvm.dll+0x66bd32]
V  [jvm.dll+0x301fa6]
V  [jvm.dll+0x309546]
V  [jvm.dll+0x359d2e]
V  [jvm.dll+0x359f5f]
V  [jvm.dll+0x2d9078]
V  [jvm.dll+0x2d9fe4]
V  [jvm.dll+0x7aca21]
V  [jvm.dll+0x367591]
V  [jvm.dll+0x78b999]
V  [jvm.dll+0x3ec83f]
V  [jvm.dll+0x3ee471]
C  [jli.dll+0x5297]
C  [ucrtbase.dll+0x21bb2]
C  [KERNEL32.DLL+0x17034]
C  [ntdll.dll+0x526a1]


---------------  P R O C E S S  ---------------

Threads class SMR info:
_java_thread_list=0x00007ffefe137a18, length=0, elements={
}

Java Threads: ( => current thread )

Other Threads:
  0x00000198ca82a350 GCTaskThread "GC Thread#0" [stack: 0x0000007484f00000,0x0000007485000000] [id=14212]
  0x00000198ca83b0b0 ConcurrentGCThread "G1 Main Marker" [stack: 0x0000007485000000,0x0000007485100000] [id=12928]
  0x00000198ca83c260 ConcurrentGCThread "G1 Conc#0" [stack: 0x0000007485100000,0x0000007485200000] [id=6432]

[error occurred during error reporting (printing all threads), id 0xc0000005, EXCEPTION_ACCESS_VIOLATION (0xc0000005) at pc=0x00007ffefd969b67]

VM state: not at safepoint (not fully initialized)

VM Mutex/Monitor currently owned by a thread:  ([mutex/lock_event])
[0x00000198ca7bba30] Heap_lock - owner thread: 0x00000198ca7bd670

Heap address: 0x0000000701e00000, size: 4066 MB, Compressed Oops mode: Zero based, Oop shift amount: 3

CDS archive(s) mapped at: [0x0000000000000000-0x0000000000000000-0x0000000000000000), size 0, SharedBaseAddress: 0x0000000800000000, ArchiveRelocationMode: 1.
Narrow klass base: 0x0000000000000000, Narrow klass shift: 0, Narrow klass range: 0x0

GC Precious Log:
<Empty>

Heap:
 garbage-first heap   total 0K, used 0K [0x0000000701e00000, 0x0000000800000000)
  region size 2048K, 0 young (0K), 0 survivors (0K)

[error occurred during error reporting (printing heap information), id 0xc0000005, EXCEPTION_ACCESS_VIOLATION (0xc0000005) at pc=0x00007ffefdd53859]

GC Heap History (0 events):
No events

Deoptimization events (0 events):
No events

Classes unloaded (0 events):
No events

Classes redefined (0 events):
No events

Internal exceptions (0 events):
No events

VM Operations (0 events):
No events

Events (1 events):
Event: 0.010 Loaded shared library C:\Program Files\Java\jdk-17\bin\java.dll


Dynamic libraries:
0x00007ff6c6dc0000 - 0x00007ff6c6dd0000 	C:\Program Files\Java\jdk-17\bin\java.exe
0x00007fff2caf0000 - 0x00007fff2cce8000 	C:\Windows\SYSTEM32\ntdll.dll
0x00007fff2b640000 - 0x00007fff2b6fd000 	C:\Windows\System32\KERNEL32.DLL
0x00007fff2a880000 - 0x00007fff2ab4e000 	C:\Windows\System32\KERNELBASE.dll
0x00007fff2a780000 - 0x00007fff2a880000 	C:\Windows\System32\ucrtbase.dll
0x00007fff15110000 - 0x00007fff1512b000 	C:\Program Files\Java\jdk-17\bin\VCRUNTIME140.dll
0x00007fff1a470000 - 0x00007fff1a489000 	C:\Program Files\Java\jdk-17\bin\jli.dll
0x00007fff2abc0000 - 0x00007fff2ac6e000 	C:\Windows\System32\ADVAPI32.dll
0x00007fff2b5a0000 - 0x00007fff2b63e000 	C:\Windows\System32\msvcrt.dll
0x00007fff2bb10000 - 0x00007fff2bbac000 	C:\Windows\System32\sechost.dll
0x00007fff2b700000 - 0x00007fff2b825000 	C:\Windows\System32\RPCRT4.dll
0x00007fff2bcf0000 - 0x00007fff2be90000 	C:\Windows\System32\USER32.dll
0x00007fff19d90000 - 0x00007fff1a02a000 	C:\Windows\WinSxS\amd64_microsoft.windows.common-controls_6595b64144ccf1df_6.0.19041.1110_none_60b5254171f9507e\COMCTL32.dll
0x00007fff2a5b0000 - 0x00007fff2a5d2000 	C:\Windows\System32\win32u.dll
0x00007fff2bbb0000 - 0x00007fff2bbda000 	C:\Windows\System32\GDI32.dll
0x00007fff2a2a0000 - 0x00007fff2a3ab000 	C:\Windows\System32\gdi32full.dll
0x00007fff2a5e0000 - 0x00007fff2a67d000 	C:\Windows\System32\msvcp_win.dll
0x00007fff1cfe0000 - 0x00007fff1cfea000 	C:\Windows\SYSTEM32\VERSION.dll
0x00007fff2c720000 - 0x00007fff2c750000 	C:\Windows\System32\IMM32.DLL
0x00007fff226e0000 - 0x00007fff226ec000 	C:\Program Files\Java\jdk-17\bin\vcruntime140_1.dll
0x00007fff14d90000 - 0x00007fff14e1e000 	C:\Program Files\Java\jdk-17\bin\msvcp140.dll
0x00007ffefd680000 - 0x00007ffefe260000 	C:\Program Files\Java\jdk-17\bin\server\jvm.dll
0x00007fff2c6f0000 - 0x00007fff2c6f8000 	C:\Windows\System32\PSAPI.DLL
0x00007fff25530000 - 0x00007fff25539000 	C:\Windows\SYSTEM32\WSOCK32.dll
0x00007fff1a040000 - 0x00007fff1a067000 	C:\Windows\SYSTEM32\WINMM.dll
0x00007fff2bf80000 - 0x00007fff2bfeb000 	C:\Windows\System32\WS2_32.dll
0x00007fff28a90000 - 0x00007fff28aa2000 	C:\Windows\SYSTEM32\kernel.appcore.dll
0x00007fff21290000 - 0x00007fff2129a000 	C:\Program Files\Java\jdk-17\bin\jimage.dll
0x00007fff1a140000 - 0x00007fff1a324000 	C:\Windows\SYSTEM32\DBGHELP.DLL
0x00007fff17c50000 - 0x00007fff17c7c000 	C:\Windows\SYSTEM32\dbgcore.DLL
0x00007fff2a210000 - 0x00007fff2a292000 	C:\Windows\System32\bcryptPrimitives.dll
0x00007fff21090000 - 0x00007fff2109e000 	C:\Program Files\Java\jdk-17\bin\instrument.dll
0x00007fff14d60000 - 0x00007fff14d85000 	C:\Program Files\Java\jdk-17\bin\java.dll

dbghelp: loaded successfully - version: 4.0.5 - missing functions: none
symbol engine: initialized successfully - sym options: 0x614 - pdb path: .;C:\Program Files\Java\jdk-17\bin;C:\Windows\SYSTEM32;C:\Windows\WinSxS\amd64_microsoft.windows.common-controls_6595b64144ccf1df_6.0.19041.1110_none_60b5254171f9507e;C:\Program Files\Java\jdk-17\bin\server

VM Arguments:
jvm_args: -XX:TieredStopAtLevel=1 -Dspring.output.ansi.enabled=always -Dcom.sun.management.jmxremote -Dspring.jmx.enabled=true -Dspring.liveBeansView.mbeanDomain -Dspring.application.admin.enabled=true -Dmanagement.endpoints.jmx.exposure.include=* -javaagent:C:\Program Files\JetBrains\IntelliJ IDEA 2024.1.1\lib\idea_rt.jar=57542:C:\Program Files\JetBrains\IntelliJ IDEA 2024.1.1\bin -Dfile.encoding=UTF-8 
java_command: com.ra.Module5Application
java_class_path (initial): C:\Users\Sora_Windows\IdeaProjects\Module4_it_tsubasa\Module5\build\classes\java\main;C:\Users\Sora_Windows\IdeaProjects\Module4_it_tsubasa\Module5\build\resources\main;C:\Users\Sora_Windows\.gradle\caches\modules-2\files-2.1\org.projectlombok\lombok\1.18.42\8365263844ebb62398e0dc33057ba10ba472d3b8\lombok-1.18.42.jar;C:\Users\Sora_Windows\.gradle\caches\modules-2\files-2.1\org.springframework.boot\spring-boot-starter-data-jpa\4.0.1\22b1d62cb82cd5347b0ae2ac87ae9d0a12678662\spring-boot-starter-data-jpa-4.0.1.jar;C:\Users\Sora_Windows\.gradle\caches\modules-2\files-2.1\org.springframework.boot\spring-boot-starter-thymeleaf\4.0.1\c4d281dc2010c72396c408d154e8481e3e2ab85c\spring-boot-starter-thymeleaf-4.0.1.jar;C:\Users\Sora_Windows\.gradle\caches\modules-2\files-2.1\org.springframework.boot\spring-boot-starter-validation\4.0.1\a65f750c574eb608c6df23b076dee84fa4a26aff\spring-boot-starter-validation-4.0.1.jar;C:\Users\Sora_Windows\.gradle\caches\modules-2\files-2.1\org.springframework.boot\spring-boot-starter-webmvc\4.0.1\60c3f45643c8c333a80ec51d47e07fbd1ddd4f83\spring-boot-starter-webmvc-4.0.1.jar;C:\Users\Sora_Windows\.gradle\caches\modules-2\files-2.1\org.thymeleaf.extras\thymeleaf-extras-springsecurity6\3.1.3.RELEASE\f2a9e9505b145d22a52047460c74fb8200f2cb23\thymeleaf-extras-springsecurity6-3.1.3.RELEASE.jar;C:\Users\Sora_Windows\.gradle\caches\modules-2\files-2.1\com.cloudinary\cloudinary-http44\1.32.2\e130da833c37ee682e7b2ed9ce08d7bde9794e41\cloudinary-http44-1.32.2.jar;C:\Users\Sora_Windows\.gradle\caches\modules-2\files-2.1\org.springframework.boot\spring-boot-starter-jdbc\4.0.1\fd16a73a05db1d551749f6059a519f88674bccad\spring-boot-starter-jdbc-4.0.1.jar;C:\Users\Sora_Windows\.gradle\caches\modules-2\files-2.1\org.springframework.boot\spring-boot-starter\4.0.1\775e306503c1170ba472a33a47a6549a15e7015f\spring-boot-starter-4.0.1.jar;C:\Users\Sora_Windows\.gradle\caches\modules-2\files-2.1\org.springframework.boot\spring-boot-data-jpa\4.0.1\d
Launcher Type: SUN_STANDARD

[Global flags]
     intx CICompilerCount                          = 4                                         {product} {ergonomic}
     uint ConcGCThreads                            = 2                                         {product} {ergonomic}
     uint G1ConcRefinementThreads                  = 8                                         {product} {ergonomic}
   size_t G1HeapRegionSize                         = 2097152                                   {product} {ergonomic}
    uintx GCDrainStackTargetSize                   = 64                                        {product} {ergonomic}
   size_t InitialHeapSize                          = 268435456                                 {product} {ergonomic}
     bool ManagementServer                         = true                                      {product} {command line}
   size_t MarkStackSize                            = 4194304                                   {product} {ergonomic}
   size_t MaxHeapSize                              = 4263510016                                {product} {ergonomic}
   size_t MinHeapDeltaBytes                        = 2097152                                   {product} {ergonomic}
   size_t MinHeapSize                              = 8388608                                   {product} {ergonomic}
    uintx NonProfiledCodeHeapSize                  = 0                                      {pd product} {ergonomic}
     bool ProfileInterpreter                       = false                                  {pd product} {command line}
    uintx ProfiledCodeHeapSize                     = 0                                      {pd product} {ergonomic}
   size_t SoftMaxHeapSize                          = 4263510016                             {manageable} {ergonomic}
     intx TieredStopAtLevel                        = 1                                         {product} {command line}
     bool UseCompressedClassPointers               = true                           {product lp64_product} {ergonomic}
     bool UseCompressedOops                        = true                           {product lp64_product} {ergonomic}
     bool UseG1GC                                  = true                                      {product} {ergonomic}
     bool UseLargePagesIndividualAllocation        = false                                  {pd product} {ergonomic}

Logging:
Log output configuration:
 #0: stdout all=warning uptime,level,tags
 #1: stderr all=off uptime,level,tags

Environment Variables:
PATH=C:\Program Files\Java\jdk-22\bin;C:\Program Files\Common Files\Oracle\Java\javapath;C:\Program Files (x86)\Intel\iCLS Client\;C:\Program Files\Intel\iCLS Client\;C:\Windows\system32;C:\Windows;C:\Windows\System32\Wbem;C:\Windows\System32\WindowsPowerShell\v1.0\;C:\Windows\System32\OpenSSH\;C:\Program Files\Intel\Intel(R) Management Engine Components\DAL;C:\Program Files (x86)\Intel\Intel(R) Management Engine Components\DAL;C:\Program Files\Intel\Intel(R) Management Engine Components\IPT;C:\Program Files (x86)\Intel\Intel(R) Management Engine Components\IPT;C:\Program Files\dotnet\;C:\Program Files\Microsoft SQL Server\150\Tools\Binn\;C:\Program Files\Git\cmd;C:\Users\Sora_Windows\AppData\Local\Microsoft\WindowsApps;;C:\Program Files\JetBrains\IntelliJ IDEA Community Edition 2022.3\bin;;C:\Users\Sora_Windows\AppData\Local\Programs\Microsoft VS Code\bin;C:\Program Files\JetBrains\IntelliJ IDEA 2024.1.1\bin;
USERNAME=Sora_Windows
OS=Windows_NT
PROCESSOR_IDENTIFIER=Intel64 Family 6 Model 70 Stepping 1, GenuineIntel



---------------  S Y S T E M  ---------------

OS:
 Windows 10 , 64 bit Build 19041 (10.0.19041.1889)
OS uptime: 4 days 22:39 hours

CPU: total 8 (initial active 8) (4 cores per cpu, 2 threads per core) family 6 model 70 stepping 1 microcode 0x1c, cx8, cmov, fxsr, ht, mmx, sse, sse2, sse3, ssse3, sse4.1, sse4.2, popcnt, lzcnt, tsc, tscinvbit, avx, avx2, aes, erms, clmul, bmi1, bmi2, fma, vzeroupper, clflush

Memory: 4k page, system-wide physical 16260M (2595M free)
TotalPageFile size 16260M (AvailPageFile size 16M)
current process WorkingSet (physical memory assigned to process): 10M, peak: 10M
current process commit charge ("private bytes"): 55M, peak: 311M

vm_info: Java HotSpot(TM) 64-Bit Server VM (17.0.12+8-LTS-286) for windows-amd64 JRE (17.0.12+8-LTS-286), built on Jun  5 2024 06:46:59 by "mach5one" with MS VC++ 17.6 (VS2022)

END.
